[
  {
    "id": "word-grouped-runs",
    "expected": "XY",
    "imported": [
      "\u003Cox:r0\u003EAB\u003C/ox:r0\u003E\u003Cox:r1\u003EC\u003C/ox:r1\u003E"
    ],
    "importErrors": [],
    "exportErrors": [],
    "sourceSchema": [],
    "outputSchema": [],
    "sourceUnchanged": true,
    "identity": false,
    "output": {
      "texts": [
        "X",
        "Y",
        "C"
      ]
    }
  },
  {
    "id": "word-protected-simple-field",
    "expected": "FIELDTranslated",
    "imported": [
      "\u003Cox:r0\u003EBody\u003C/ox:r0\u003E\u003Cox:k0/\u003E"
    ],
    "importErrors": [],
    "exportErrors": [],
    "sourceSchema": [],
    "outputSchema": [],
    "sourceUnchanged": true,
    "identity": false,
    "output": {
      "texts": [
        "Translated",
        "Body"
      ]
    }
  },
  {
    "id": "word-partial-story-change",
    "expected": "success; header/footer unchanged",
    "imported": [
      "Body",
      "Header",
      "Footer"
    ],
    "importErrors": [],
    "exportErrors": [
      {
        "Code": "office_output_invalid",
        "Message": "Ph\u1EA7n t\u1EED kh\u00F4ng ch\u1EA1m /word/header1.xml b\u1ECB bi\u1EBFn \u0111\u1ED5i d\u1EEF li\u1EC7u (CRC-32 mismatch)."
      },
      {
        "Code": "office_output_invalid",
        "Message": "Ph\u1EA7n t\u1EED kh\u00F4ng ch\u1EA1m /word/footer1.xml b\u1ECB bi\u1EBFn \u0111\u1ED5i d\u1EEF li\u1EC7u (CRC-32 mismatch)."
      }
    ],
    "sourceSchema": [],
    "outputSchema": null,
    "sourceUnchanged": true,
    "identity": null,
    "output": null
  },
  {
    "id": "word-header-table",
    "expected": "success; header table preserved",
    "imported": [
      "Body",
      "Header",
      "Cell",
      "Footer"
    ],
    "importErrors": [],
    "exportErrors": [
      {
        "Code": "office_output_invalid",
        "Message": "S\u1ED1 l\u01B0\u1EE3ng b\u1EA3ng trong t\u00E0i li\u1EC7u \u0111\u1EA7u ra (0) kh\u00F4ng kh\u1EDBp v\u1EDBi ngu\u1ED3n (1)."
      }
    ],
    "sourceSchema": [],
    "outputSchema": null,
    "sourceUnchanged": true,
    "identity": null,
    "output": null
  },
  {
    "id": "word-whitespace-slot-identity",
    "expected": "byte-identical success",
    "imported": [
      "\u003Cox:r0\u003EA\u003C/ox:r0\u003E\u003Cox:r1\u003E \u003C/ox:r1\u003E\u003Cox:r2\u003EB\u003C/ox:r2\u003E"
    ],
    "importErrors": [],
    "exportErrors": [
      {
        "Code": "empty_translation",
        "Message": "Slot r1 kh\u00F4ng \u0111\u01B0\u1EE3c \u0111\u1EC3 tr\u1ED1ng ho\u1EB7c ch\u1EC9 ch\u1EE9a kho\u1EA3ng tr\u1EAFng.",
        "Index": 0,
        "Marker": "r1"
      }
    ],
    "sourceSchema": [],
    "outputSchema": null,
    "sourceUnchanged": true,
    "identity": null,
    "output": null
  },
  {
    "id": "ppt-two-paragraphs",
    "expected": "paragraphs [One, Two]",
    "imported": [
      "First",
      "Second"
    ],
    "importErrors": [],
    "exportErrors": [],
    "sourceSchema": [],
    "outputSchema": [],
    "sourceUnchanged": true,
    "identity": false,
    "output": {
      "texts": [
        "Two",
        ""
      ]
    }
  },
  {
    "id": "ppt-two-tables",
    "expected": "tables [AA,BB], [CC,DD]",
    "imported": [
      "A",
      "B",
      "C",
      "D"
    ],
    "importErrors": [],
    "exportErrors": [],
    "sourceSchema": [],
    "outputSchema": [],
    "sourceUnchanged": true,
    "identity": false,
    "output": {
      "texts": [
        "CC",
        "DD",
        "C",
        "D"
      ]
    }
  },
  {
    "id": "excel-rich-sst",
    "expected": "rich runs X (bold), Y (italic)",
    "imported": [
      "\u003Cox:r0\u003EA\u003C/ox:r0\u003E\u003Cox:r1\u003EB\u003C/ox:r1\u003E"
    ],
    "importErrors": [],
    "exportErrors": [],
    "sourceSchema": [],
    "outputSchema": [],
    "sourceUnchanged": true,
    "identity": false,
    "output": {
      "sheet": "\u003Cx:worksheet xmlns:x=\u0022http://schemas.openxmlformats.org/spreadsheetml/2006/main\u0022\u003E\u003Cx:sheetData\u003E\u003Cx:row r=\u00221\u0022\u003E\u003Cx:c r=\u0022A1\u0022 t=\u0022s\u0022\u003E\u003Cx:v\u003E1\u003C/x:v\u003E\u003C/x:c\u003E\u003C/x:row\u003E\u003C/x:sheetData\u003E\u003C/x:worksheet\u003E",
      "sst": "\u003Cx:sst xmlns:x=\u0022http://schemas.openxmlformats.org/spreadsheetml/2006/main\u0022\u003E\u003Cx:si\u003E\u003Cx:r\u003E\u003Cx:rPr\u003E\u003Cx:b /\u003E\u003C/x:rPr\u003E\u003Cx:t\u003EA\u003C/x:t\u003E\u003C/x:r\u003E\u003Cx:r\u003E\u003Cx:rPr\u003E\u003Cx:i /\u003E\u003C/x:rPr\u003E\u003Cx:t\u003EB\u003C/x:t\u003E\u003C/x:r\u003E\u003C/x:si\u003E\u003Cx:si\u003E\u003Cx:t\u003EX\u003C/x:t\u003E\u003C/x:si\u003E\u003C/x:sst\u003E"
    }
  },
  {
    "id": "excel-only-second-slot",
    "expected": "rich runs A (bold), Y (italic)",
    "imported": [
      "\u003Cox:r0\u003EA\u003C/ox:r0\u003E\u003Cox:r1\u003EB\u003C/ox:r1\u003E"
    ],
    "importErrors": [],
    "exportErrors": [
      {
        "Code": "office_output_invalid",
        "Message": "Ph\u1EA7n t\u1EED kh\u00F4ng ch\u1EA1m /xl/sharedStrings.xml b\u1ECB bi\u1EBFn \u0111\u1ED5i d\u1EEF li\u1EC7u (CRC-32 mismatch)."
      },
      {
        "Code": "office_output_invalid",
        "Message": "Ph\u1EA7n t\u1EED kh\u00F4ng ch\u1EA1m /xl/worksheets/sheet1.xml b\u1ECB bi\u1EBFn \u0111\u1ED5i d\u1EEF li\u1EC7u (CRC-32 mismatch)."
      }
    ],
    "sourceSchema": [],
    "outputSchema": null,
    "sourceUnchanged": true,
    "identity": null,
    "output": null
  },
  {
    "id": "office-export-unit-limit",
    "expected": "too_many_units on import and export",
    "imported": [],
    "importErrors": [
      {
        "Code": "too_many_units",
        "Message": "S\u1ED1 l\u01B0\u1EE3ng \u0111\u01A1n v\u1ECB d\u1ECBch (2) v\u01B0\u1EE3t qu\u00E1 gi\u1EDBi h\u1EA1n (1)."
      }
    ],
    "exportErrors": [],
    "sourceSchema": [],
    "outputSchema": [],
    "sourceUnchanged": true,
    "identity": true,
    "output": {
      "texts": [
        "One",
        "Two"
      ]
    }
  },
  {
    "id": "office-output-quota-exception",
    "expected": "output_too_large result",
    "imported": [
      "One",
      "Two"
    ],
    "exception": "InvalidOperationException",
    "Message": "Write operation would exceed maximum byte limit (100).",
    "sourceUnchanged": true
  },
  {
    "id": "zip-forged-expanded-size",
    "compressedPackageBytes": 1509,
    "actualPayload": 1,
    "declaredPayload": 1,
    "MaxPartBytes": 4096,
    "MaxExpandedBytes": 8192,
    "accepted": false,
    "errors": [
      {
        "Code": "invalid_office_package",
        "Message": "M\u00E3 ki\u1EC3m tra CRC-32 c\u1EE7a t\u1EC7p con payload.bin kh\u00F4ng kh\u1EDBp."
      }
    ]
  },
  {
    "id": "office-anchor-order",
    "sourceOrder": "break then text",
    "imported": "\u003Cox:r0\u003EA\u003C/ox:r0\u003E\u003Cox:k0/\u003E",
    "alternateOrder": "\u003Cox:k0/\u003E\u003Cox:r0\u003EX\u003C/ox:r0\u003E",
    "accepted": true
  },
  {
    "id": "edit-mask-ignored",
    "unauthorizedMutation": "added bold run properties under text-only mask",
    "packageAccepted": true,
    "structureAccepted": true
  },
  {
    "id": "markdown-soft-break",
    "imported": [
      "Alpha\nBeta"
    ],
    "errors": [],
    "output": "Gamma Delta\r\n"
  },
  {
    "id": "excel-hidden-column",
    "expected": "only visible column B translated",
    "imported": [
      "Hidden",
      "Visible"
    ],
    "importErrors": [],
    "exportErrors": [],
    "sourceSchema": [],
    "outputSchema": [],
    "sourceUnchanged": true,
    "identity": false,
    "output": {
      "sheet": "\u003Cx:worksheet xmlns:x=\u0022http://schemas.openxmlformats.org/spreadsheetml/2006/main\u0022\u003E\u003Cx:cols\u003E\u003Cx:col min=\u00221\u0022 max=\u00221\u0022 hidden=\u00221\u0022 /\u003E\u003C/x:cols\u003E\u003Cx:sheetData\u003E\u003Cx:row r=\u00221\u0022\u003E\u003Cx:c r=\u0022A1\u0022 t=\u0022s\u0022\u003E\u003Cx:v\u003E2\u003C/x:v\u003E\u003C/x:c\u003E\u003Cx:c r=\u0022B1\u0022 t=\u0022s\u0022\u003E\u003Cx:v\u003E3\u003C/x:v\u003E\u003C/x:c\u003E\u003C/x:row\u003E\u003C/x:sheetData\u003E\u003C/x:worksheet\u003E",
      "sst": "\u003Cx:sst xmlns:x=\u0022http://schemas.openxmlformats.org/spreadsheetml/2006/main\u0022\u003E\u003Cx:si\u003E\u003Cx:t\u003EHidden\u003C/x:t\u003E\u003C/x:si\u003E\u003Cx:si\u003E\u003Cx:t\u003EVisible\u003C/x:t\u003E\u003C/x:si\u003E\u003Cx:si\u003E\u003Cx:t\u003EHiddenX\u003C/x:t\u003E\u003C/x:si\u003E\u003Cx:si\u003E\u003Cx:t\u003EVisibleX\u003C/x:t\u003E\u003C/x:si\u003E\u003C/x:sst\u003E"
    }
  },
  {
    "id": "excel-drawing-not-applied",
    "sourceSchema": [],
    "imported": [
      "Cell",
      "Drawing"
    ],
    "errors": [],
    "drawingText": "Drawing"
  },
  {
    "id": "word-complex-field-cache",
    "sourceSchema": [],
    "imported": [
      "\u003Cox:r0\u003ECACHED\u003C/ox:r0\u003E\u003Cox:k0/\u003E"
    ],
    "errors": []
  },
  {
    "id": "trace-benchmark",
    "mode": "off",
    "paragraphs": 300,
    "medianMs": 9.8004,
    "averageAllocatedBytes": 3384424,
    "logBytes": 0,
    "sentinelPresent": false
  },
  {
    "id": "trace-benchmark",
    "mode": "redacted",
    "paragraphs": 300,
    "medianMs": 9.9802,
    "averageAllocatedBytes": 3940715.2,
    "logBytes": 152893,
    "sentinelPresent": false
  },
  {
    "id": "trace-benchmark",
    "mode": "capture",
    "paragraphs": 300,
    "medianMs": 11.6474,
    "averageAllocatedBytes": 4225336,
    "logBytes": 200409,
    "sentinelPresent": true
  },
  {
    "id": "word-analysis-scaling",
    "paragraphs": 2000,
    "medianMs": 132.1976
  },
  {
    "id": "word-analysis-scaling",
    "paragraphs": 4000,
    "medianMs": 540.9384
  },
  {
    "id": "word-analysis-scaling",
    "paragraphs": 8000,
    "medianMs": 1915.9161
  }
]
